============================================================
  Generated by:           Genus(TM) Synthesis Solution 22.17-s071_1
  Generated on:           Jul 08 2026  06:19:18 am
  Module:                 data_bus_driver
  Operating conditions:   PVT_0P9V_125C (balanced_tree)
  Wireload mode:          enclosed
  Area mode:              timing library
============================================================

Timing
-------
  Cost    Critical         Violating 
 Group   Path Slack  TNS     Paths   
-------------------------------------
default    No paths   0.0            
-------------------------------------
Total                 0.0          0 

Instance Count
--------------
Leaf Instance Count             19 
Physical Instance count          0 
Sequential Instance Count        0 
Combinational Instance Count    19 
Hierarchical Instance Count      0 

Area
----
Cell Area                          53.352
Physical Cell Area                 0.000
Total Cell Area (Cell+Physical)    53.352
Net Area                           0.000
Total Area (Cell+Physical+Net)     53.352

Max Fanout                         9 (n_6)
Min Fanout                         1 (n_0)
Average Fanout                     1.7
Terms to net ratio                 1.9730
Terms to instance ratio            3.8421
Runtime                            17.835659 seconds
Elapsed Runtime                    20 seconds
Genus peak memory usage            1779.89 
Innovus peak memory usage          no_value 
Hostname                           localhost
