xmsim(64): 22.03-s012: (c) Copyright 1995-2023 Cadence Design Systems, Inc.
TOOL:	xmsim(64)	22.03-s012: Started on Aug 14, 2026 at 22:40:12 KST
xmsim
    -MESS
    tb_Down_Counter
    -gui

xmsim: *W,NOMTDGUI: Multi-Threaded Dumping is disabled for interactive debug mode.

-------------------------------------
Relinquished control to SimVision...
xcelium> 
xcelium> database -open waves -into waves.shm -default
Created default SHM database waves
xcelium> probe -create -shm tb_Down_Counter.count tb_Down_Counter.clk tb_Down_Counter.enable tb_Down_Counter.rst_n
Created probe 1
xcelium> run
Simulation complete via $finish(1) at time 190 NS + 0
./tb_Down_Counter.v:25                 $finish;
xcelium> ^C
xcelium> exit
TOOL:	xmsim(64)	22.03-s012: Exiting on Aug 14, 2026 at 22:41:07 KST  (total: 00:00:55)
