xmsim(64): 22.03-s012: (c) Copyright 1995-2023 Cadence Design Systems, Inc.
TOOL:	xmsim(64)	22.03-s012: Started on Jul 07, 2026 at 20:38:31 KST
xmsim
    -MESS
    tb_FSM4
    -gui

xmsim: *W,NOMTDGUI: Multi-Threaded Dumping is disabled for interactive debug mode.

-------------------------------------
Relinquished control to SimVision...
xcelium> 
xcelium> database -open waves -into waves.shm -default
Created default SHM database waves
xcelium> probe -create -shm tb_FSM4.clk tb_FSM4.din_bit tb_FSM4.dout_bit tb_FSM4.rst_n
Created probe 1
xcelium> run
Simulation complete via $finish(1) at time 260 NS + 0
./tb_FSM4.v:54 		#50  $finish;
xcelium> ^C
xcelium> exit
TOOL:	xmsim(64)	22.03-s012: Exiting on Jul 07, 2026 at 22:10:25 KST  (total: 01:31:54)
