xmelab(64): 22.03-s012: (c) Copyright 1995-2023 Cadence Design Systems, Inc.
TOOL:	xmelab(64)	22.03-s012: Started on Aug 13, 2026 at 02:48:51 KST
xmelab
    -MESS
    -access rwc
    tb_Half_Subtractor

	Elaborating the design hierarchy:
		Caching library 'work_lib' ....... Done
	Building instance overlay tables: .................... Done
	Generating native compiled code:
		work_lib.Half_Subtractor:module <0x0e108ee4>
			streams:   1, words:  2083
		work_lib.tb_Half_Subtractor:module <0x5cafe05d>
			streams:   3, words:  3083
	Building instance specific data structures.
	Loading native compiled code:     .................... Done
	Design hierarchy summary:
		                 Instances  Unique
		Modules:                 2       2
		Registers:               4       4
		Scalar wires:            4       -
		Always blocks:           1       1
		Initial blocks:          1       1
		Pseudo assignments:      2       2
		Simulation timescale:  1ps
	Writing initial simulation snapshot: work_lib.tb_Half_Subtractor:module
TOOL:	xmelab(64)	22.03-s012: Exiting on Aug 13, 2026 at 02:48:51 KST  (total: 00:00:00)
