xmelab(64): 22.03-s012: (c) Copyright 1995-2023 Cadence Design Systems, Inc.
TOOL:	xmelab(64)	22.03-s012: Started on Aug 15, 2026 at 00:43:03 KST
xmelab
    -MESS
    -access rwc
    tb_Gray_Counter

	Elaborating the design hierarchy:
		Caching library 'work_lib' ....... Done
	Building instance overlay tables: .................... Done
	Generating native compiled code:
		work_lib.Gray_Counter:module <0x43cb96c6>
			streams:   4, words:  1220
		work_lib.tb_Gray_Counter:module <0x4e4ba32e>
			streams:   4, words:  2340
	Building instance specific data structures.
	Loading native compiled code:     .................... Done
	Design hierarchy summary:
		                 Instances  Unique
		Modules:                 2       2
		Registers:               3       3
		Scalar wires:            2       -
		Vectored wires:          1       -
		Always blocks:           1       1
		Initial blocks:          2       2
		Cont. assignments:       1       1
		Pseudo assignments:      2       2
		Simulation timescale:  1ps
	Writing initial simulation snapshot: work_lib.tb_Gray_Counter:module
TOOL:	xmelab(64)	22.03-s012: Exiting on Aug 15, 2026 at 00:43:03 KST  (total: 00:00:00)
