xmsim(64): 22.03-s012: (c) Copyright 1995-2023 Cadence Design Systems, Inc.
TOOL:	xmsim(64)	22.03-s012: Started on Aug 15, 2026 at 00:43:03 KST
xmsim
    -MESS
    tb_Gray_Counter
    -gui

xmsim: *W,NOMTDGUI: Multi-Threaded Dumping is disabled for interactive debug mode.

-------------------------------------
Relinquished control to SimVision...
xcelium> 
xcelium> database -open waves -into waves.shm -default
Created default SHM database waves
xcelium> probe -create -shm tb_Gray_Counter.rst_n tb_Gray_Counter.gray tb_Gray_Counter.clk
Created probe 1
xcelium> run
Simulation complete via $finish(1) at time 190 NS + 0
./tb_Gray_Counter.v:21 		$finish;
xcelium> ^C
xcelium> exit
TOOL:	xmsim(64)	22.03-s012: Exiting on Aug 15, 2026 at 00:44:12 KST  (total: 00:01:09)
