xmelab(64): 22.03-s012: (c) Copyright 1995-2023 Cadence Design Systems, Inc.
TOOL:	xmelab(64)	22.03-s012: Started on Aug 15, 2026 at 03:39:46 KST
xmelab
    -MESS
    -access rwc
    tb_PIPO

	Elaborating the design hierarchy:
		Caching library 'work_lib' ....... Done
	Building instance overlay tables: .................... Done
	Generating native compiled code:
		work_lib.PIPO:module <0x5b882946>
			streams:   3, words:  1053
		work_lib.tb_PIPO:module <0x75410a79>
			streams:   6, words:  7357
	Building instance specific data structures.
	Loading native compiled code:     .................... Done
	Design hierarchy summary:
		                 Instances  Unique
		Modules:                 2       2
		Registers:               5       5
		Scalar wires:            3       -
		Vectored wires:          2       -
		Always blocks:           1       1
		Initial blocks:          2       2
		Pseudo assignments:      4       4
		Simulation timescale:  1ps
	Writing initial simulation snapshot: work_lib.tb_PIPO:module
TOOL:	xmelab(64)	22.03-s012: Exiting on Aug 15, 2026 at 03:39:47 KST  (total: 00:00:01)
