xmsim(64): 22.03-s012: (c) Copyright 1995-2023 Cadence Design Systems, Inc.
TOOL:	xmsim(64)	22.03-s012: Started on Sep 19, 2026 at 23:05:42 KST
xmsim
    -MESS
    tb_PISO
    -gui

xmsim: *W,NOMTDGUI: Multi-Threaded Dumping is disabled for interactive debug mode.

-------------------------------------
Relinquished control to SimVision...
xcelium> 
xcelium> database -open waves -into waves.shm -default
Created default SHM database waves
xcelium> probe -create -shm tb_PISO.clk tb_PISO.load tb_PISO.parallel_in tb_PISO.rst_n tb_PISO.serial_out
Created probe 1
xcelium> run
Simulation complete via $finish(1) at time 250 NS + 0
./tb_PISO.v:33 		$finish;
xcelium> ^C
xcelium> exit
TOOL:	xmsim(64)	22.03-s012: Exiting on Sep 19, 2026 at 23:12:03 KST  (total: 00:06:21)
