xmelab(64): 22.03-s012: (c) Copyright 1995-2023 Cadence Design Systems, Inc.
TOOL:	xmelab(64)	22.03-s012: Started on Aug 13, 2026 at 02:26:57 KST
xmelab
    -MESS
    -access rwc
    tb_Ripple_Carry_Adder

	Elaborating the design hierarchy:
		Caching library 'work_lib' ....... Done
	Building instance overlay tables: .................... Done
	Generating native compiled code:
		work_lib.Full_Adder:module <0x5a585a1d>
			streams:   1, words:  3909
		work_lib.tb_Ripple_Carry_Adder:module <0x4a609197>
			streams:   4, words:  4212
	Building instance specific data structures.
	Loading native compiled code:     .................... Done
	Design hierarchy summary:
		                 Instances  Unique
		Modules:                 6       3
		Registers:              11       5
		Scalar wires:            9       -
		Expanded wires:          8       2
		Always blocks:           4       1
		Initial blocks:          1       1
		Pseudo assignments:      3       3
		Simulation timescale:  1ps
	Writing initial simulation snapshot: work_lib.tb_Ripple_Carry_Adder:module
TOOL:	xmelab(64)	22.03-s012: Exiting on Aug 13, 2026 at 02:26:57 KST  (total: 00:00:00)
