xmsim(64): 22.03-s012: (c) Copyright 1995-2023 Cadence Design Systems, Inc.
TOOL:	xmsim(64)	22.03-s012: Started on Aug 13, 2026 at 02:26:57 KST
xmsim
    -MESS
    tb_Ripple_Carry_Adder
    -gui

xmsim: *W,NOMTDGUI: Multi-Threaded Dumping is disabled for interactive debug mode.

-------------------------------------
Relinquished control to SimVision...
xcelium> 
xcelium> database -open waves -into waves.shm -default
Created default SHM database waves
xcelium> probe -create -shm tb_Ripple_Carry_Adder.a tb_Ripple_Carry_Adder.b tb_Ripple_Carry_Adder.carry tb_Ripple_Carry_Adder.cin tb_Ripple_Carry_Adder.sum
Created probe 1
xcelium> run
Simulation complete via $finish(1) at time 40 NS + 0
./tb_Ripple_Carry_Adder.v:22 		$finish;
xcelium> ^C
xcelium> exit
TOOL:	xmsim(64)	22.03-s012: Exiting on Aug 13, 2026 at 02:28:11 KST  (total: 00:01:14)
