xmelab(64): 22.03-s012: (c) Copyright 1995-2023 Cadence Design Systems, Inc.
TOOL:	xmelab(64)	22.03-s012: Started on Jul 08, 2026 at 05:16:56 KST
xmelab
    -MESS
    -access rwc
    tb_fdivider

	Elaborating the design hierarchy:
		Caching library 'work_lib' ....... Done
	Building instance overlay tables: .................... Done
	Generating native compiled code:
		work_lib.fdivider:module <0x2f569534>
			streams:   7, words:  2580
		work_lib.tb_fdivider:module <0x7c4f0b30>
			streams:   4, words:  2340
	Building instance specific data structures.
	Loading native compiled code:     .................... Done
	Design hierarchy summary:
		                 Instances  Unique
		Modules:                 2       2
		Registers:               4       4
		Scalar wires:            3       -
		Always blocks:           1       1
		Initial blocks:          2       2
		Pseudo assignments:      2       2
		Simulation timescale:  1ps
	Writing initial simulation snapshot: work_lib.tb_fdivider:module
TOOL:	xmelab(64)	22.03-s012: Exiting on Jul 08, 2026 at 05:16:56 KST  (total: 00:00:00)
