xmsim(64): 22.03-s012: (c) Copyright 1995-2023 Cadence Design Systems, Inc.
TOOL:	xmsim(64)	22.03-s012: Started on Jul 08, 2026 at 05:16:56 KST
xmsim
    -MESS
    tb_fdivider
    -gui

xmsim: *W,NOMTDGUI: Multi-Threaded Dumping is disabled for interactive debug mode.

-------------------------------------
Relinquished control to SimVision...
xcelium> 
xcelium> database -open waves -into waves.shm -default
Created default SHM database waves
xcelium> probe -create -shm tb_fdivider.clk_in tb_fdivider.o_clk_out tb_fdivider.rst_n
Created probe 1
xcelium> run
Simulation complete via $finish(1) at time 210 NS + 0
./tb_fdivider.v:26 		$finish;
xcelium> ^C
xcelium> exit
TOOL:	xmsim(64)	22.03-s012: Exiting on Jul 08, 2026 at 05:17:22 KST  (total: 00:00:26)
