xmsim(64): 22.03-s012: (c) Copyright 1995-2023 Cadence Design Systems, Inc.
TOOL:	xmsim(64)	22.03-s012: Started on Aug 14, 2026 at 19:21:38 KST
xmsim
    -MESS
    tb_D_FF
    -gui

xmsim: *W,NOMTDGUI: Multi-Threaded Dumping is disabled for interactive debug mode.

-------------------------------------
Relinquished control to SimVision...
xcelium> 
xcelium> database -open waves -into waves.shm -default
Created default SHM database waves
xcelium> probe -create -shm tb_D_FF.clk tb_D_FF.d tb_D_FF.q tb_D_FF.rst_n
Created probe 1
xcelium> run
Simulation complete via $finish(1) at time 40 NS + 0
./tb_D_FF.v:25 		$finish;
xcelium> ^C
xcelium> exit
TOOL:	xmsim(64)	22.03-s012: Exiting on Aug 14, 2026 at 19:23:43 KST  (total: 00:02:05)
