xmelab(64): 22.03-s012: (c) Copyright 1995-2023 Cadence Design Systems, Inc.
TOOL:	xmelab(64)	22.03-s012: Started on Aug 12, 2026 at 20:55:12 KST
xmelab
    -MESS
    -access rwc
    tb_mux

	Elaborating the design hierarchy:
		Caching library 'work_lib' ....... Done
	Building instance overlay tables: .................... Done
	Generating native compiled code:
		work_lib.mux:module <0x04ec038f>
			streams:   1, words:  1411
		work_lib.tb_mux:module <0x3c4d009c>
			streams:   7, words: 25755
	Building instance specific data structures.
	Loading native compiled code:     .................... Done
	Design hierarchy summary:
		                 Instances  Unique
		Modules:                 2       2
		Registers:               6       6
		Scalar wires:            5       -
		Vectored wires:          1       -
		Always blocks:           1       1
		Initial blocks:          2       2
		Pseudo assignments:      5       5
		Simulation timescale:  1ps
	Writing initial simulation snapshot: work_lib.tb_mux:module
TOOL:	xmelab(64)	22.03-s012: Exiting on Aug 12, 2026 at 20:55:12 KST  (total: 00:00:00)
