xmsim(64): 22.03-s012: (c) Copyright 1995-2023 Cadence Design Systems, Inc.
TOOL:	xmsim(64)	22.03-s012: Started on Aug 12, 2026 at 20:55:13 KST
xmsim
    -MESS
    tb_mux
    -gui

xmsim: *W,NOMTDGUI: Multi-Threaded Dumping is disabled for interactive debug mode.

-------------------------------------
Relinquished control to SimVision...
xcelium> 
xcelium> run
Simulation complete via $finish(1) at time 200 NS + 0
./tb_mux.v:56 		$finish;
xcelium> run
xmsim: *E,RNFNSH: Cannot continue simulation due to a previous $finish.
xcelium> probe -create -shm tb_mux.i_other_signal tb_mux.i_pwm1 tb_mux.i_rx0 tb_mux.i_select tb_mux.i_tx0 tb_mux.o_data_out tb_mux.dut.i_other_signal tb_mux.dut.i_pwm1 tb_mux.dut.i_rx0 tb_mux.dut.i_select tb_mux.dut.i_tx0 tb_mux.dut.o_data_out
Created default SHM database xcelium.shm
Created probe 1
xcelium> run
xmsim: *E,RNFNSH: Cannot continue simulation due to a previous $finish.
xcelium> ^C
xcelium> exit
TOOL:	xmsim(64)	22.03-s012: Exiting on Aug 12, 2026 at 20:56:13 KST  (total: 00:01:00)
