xmelab(64): 22.03-s012: (c) Copyright 1995-2023 Cadence Design Systems, Inc.
TOOL:	xmelab(64)	22.03-s012: Started on Aug 14, 2026 at 08:42:53 KST
xmelab
    -MESS
    -access rwc
    tb_Parity_Checker

	Elaborating the design hierarchy:
		Caching library 'work_lib' ....... Done
	Building instance overlay tables: .................... Done
	Generating native compiled code:
		work_lib.Parity_Checker:module <0x67034c80>
			streams:   1, words:   223
		work_lib.tb_Parity_Checker:module <0x423855ce>
			streams:   3, words:  2151
	Building instance specific data structures.
	Loading native compiled code:     .................... Done
	Design hierarchy summary:
		                 Instances  Unique
		Modules:                 2       2
		Registers:               4       4
		Scalar wires:            2       -
		Vectored wires:          1       -
		Initial blocks:          1       1
		Cont. assignments:       1       1
		Pseudo assignments:      2       2
		Simulation timescale:  1ps
	Writing initial simulation snapshot: work_lib.tb_Parity_Checker:module
TOOL:	xmelab(64)	22.03-s012: Exiting on Aug 14, 2026 at 08:42:53 KST  (total: 00:00:00)
