xmsim(64): 22.03-s012: (c) Copyright 1995-2023 Cadence Design Systems, Inc.
TOOL:	xmsim(64)	22.03-s012: Started on Jul 06, 2026 at 23:02:30 KST
xmsim
    -MESS
    tb_shift_register_sipo
    -gui

xmsim: *W,NOMTDGUI: Multi-Threaded Dumping is disabled for interactive debug mode.

-------------------------------------
Relinquished control to SimVision...
xcelium> 
xcelium> database -open waves -into waves.shm -default
Created default SHM database waves
xcelium> probe -create -shm tb_shift_register_sipo.clk tb_shift_register_sipo.i_serial_in tb_shift_register_sipo.load tb_shift_register_sipo.o_parallel_out tb_shift_register_sipo.rst_n
Created probe 1
xcelium> run
Simulation complete via $finish(1) at time 190 NS + 0
./tb_shift_register_sipo.v:43 		$finish;
xcelium> ^C
xcelium> exit
TOOL:	xmsim(64)	22.03-s012: Exiting on Jul 06, 2026 at 23:09:27 KST  (total: 00:06:57)
