xmsim(64): 22.03-s012: (c) Copyright 1995-2023 Cadence Design Systems, Inc.
TOOL:	xmsim(64)	22.03-s012: Started on Jul 06, 2026 at 21:46:12 KST
xmsim
    -MESS
    tb_simple_register
    -gui

xmsim: *W,NOMTDGUI: Multi-Threaded Dumping is disabled for interactive debug mode.

-------------------------------------
Relinquished control to SimVision...
xcelium> 
xcelium> database -open waves -into waves.shm -default
Created default SHM database waves
xcelium> probe -create -shm tb_simple_register.clk tb_simple_register.i_wdata tb_simple_register.o_rdata tb_simple_register.rst_n tb_simple_register.wen
Created probe 1
xcelium> run
Simulation complete via $finish(1) at time 110 NS + 0
./tb_simple_register.v:31 		$finish;	
xcelium> ^C
xcelium> exit
TOOL:	xmsim(64)	22.03-s012: Exiting on Jul 06, 2026 at 22:21:55 KST  (total: 00:35:43)
