xmelab(64): 22.03-s012: (c) Copyright 1995-2023 Cadence Design Systems, Inc.
TOOL:	xmelab(64)	22.03-s012: Started on Aug 25, 2026 at 03:16:56 KST
xmelab
    -MESS
    -access rwc
    tb_LFSR

	Elaborating the design hierarchy:
		Caching library 'work_lib' ....... Done
	Building instance overlay tables: .................... Done
	Generating native compiled code:
		work_lib.LFSR:module <0x577599d9>
			streams:   6, words:  1935
		work_lib.tb_LFSR:module <0x4327beab>
			streams:   4, words:  2340
	Building instance specific data structures.
	Loading native compiled code:     .................... Done
	Design hierarchy summary:
		                 Instances  Unique
		Modules:                 2       2
		Registers:               3       3
		Scalar wires:            3       -
		Vectored wires:          1       -
		Always blocks:           1       1
		Initial blocks:          3       3
		Cont. assignments:       2       2
		Pseudo assignments:      2       2
		Simulation timescale:  1ps
	Writing initial simulation snapshot: work_lib.tb_LFSR:module
TOOL:	xmelab(64)	22.03-s012: Exiting on Aug 25, 2026 at 03:16:56 KST  (total: 00:00:00)
