xmsim(64): 22.03-s012: (c) Copyright 1995-2023 Cadence Design Systems, Inc.
TOOL:	xmsim(64)	22.03-s012: Started on Aug 18, 2026 at 09:30:26 KST
xmsim
    -MESS
    tb_HAMMING_CODE
    -gui

xmsim: *W,NOMTDGUI: Multi-Threaded Dumping is disabled for interactive debug mode.

-------------------------------------
Relinquished control to SimVision...
xcelium> 
xcelium> database -open waves -into waves.shm -default
Created default SHM database waves
xcelium> probe -create -shm tb_HAMMING_CODE.clk tb_HAMMING_CODE.code_in_err tb_HAMMING_CODE.code_out tb_HAMMING_CODE.code_valid tb_HAMMING_CODE.data_in tb_HAMMING_CODE.data_out tb_HAMMING_CODE.data_valid tb_HAMMING_CODE.data_valid_o tb_HAMMING_CODE.err_bit1 tb_HAMMING_CODE.err_bit2 tb_HAMMING_CODE.err_mode tb_HAMMING_CODE.error_cnt tb_HAMMING_CODE.error_detect tb_HAMMING_CODE.error_pos tb_HAMMING_CODE.error_uncorr tb_HAMMING_CODE.rst_n
Created probe 1
xcelium> run
Simulation complete via $finish(1) at time 120 NS + 0
./tb_HAMMING_CODE.v:99 		$finish;
xcelium> ^C
xcelium> exit
TOOL:	xmsim(64)	22.03-s012: Exiting on Aug 18, 2026 at 10:00:12 KST  (total: 00:29:46)
