xmelab(64): 22.03-s012: (c) Copyright 1995-2023 Cadence Design Systems, Inc.
TOOL:	xmelab(64)	22.03-s012: Started on Aug 18, 2026 at 04:55:02 KST
xmelab
    -MESS
    -access rwc
    tb_BARREL_SHIFTER

	Elaborating the design hierarchy:
		Caching library 'work_lib' ....... Done
	Building instance overlay tables: .................... Done
	Generating native compiled code:
		work_lib.BARREL_SHIFTER:module <0x4954d31a>
			streams:   4, words:  1463
		work_lib.tb_BARREL_SHIFTER:module <0x57635eea>
			streams:   3, words:  3247
	Building instance specific data structures.
	Loading native compiled code:     .................... Done
	Design hierarchy summary:
		                 Instances  Unique
		Modules:                 2       2
		Registers:               2       2
		Vectored wires:          6       -
		Initial blocks:          1       1
		Cont. assignments:       4       4
		Pseudo assignments:      2       2
		Simulation timescale:  1ps
	Writing initial simulation snapshot: work_lib.tb_BARREL_SHIFTER:module
TOOL:	xmelab(64)	22.03-s012: Exiting on Aug 18, 2026 at 04:55:02 KST  (total: 00:00:00)
