xmelab(64): 22.03-s012: (c) Copyright 1995-2023 Cadence Design Systems, Inc.
TOOL:	xmelab(64)	22.03-s012: Started on Aug 12, 2026 at 23:43:36 KST
xmelab
    -MESS
    -access rwc
    tb_Half_Adder

	Elaborating the design hierarchy:
		Caching library 'work_lib' ....... Done
	Building instance overlay tables: .................... Done
	Generating native compiled code:
		work_lib.Half_Adder:module <0x271efdaa>
			streams:   1, words:  2083
		work_lib.tb_Half_Adder:module <0x68ede1d6>
			streams:   3, words:  3083
	Building instance specific data structures.
	Loading native compiled code:     .................... Done
	Design hierarchy summary:
		                 Instances  Unique
		Modules:                 2       2
		Registers:               4       4
		Scalar wires:            4       -
		Always blocks:           1       1
		Initial blocks:          1       1
		Pseudo assignments:      2       2
		Simulation timescale:  1ps
	Writing initial simulation snapshot: work_lib.tb_Half_Adder:module
TOOL:	xmelab(64)	22.03-s012: Exiting on Aug 12, 2026 at 23:43:36 KST  (total: 00:00:00)
