xmsim(64): 22.03-s012: (c) Copyright 1995-2023 Cadence Design Systems, Inc.
TOOL:	xmsim(64)	22.03-s012: Started on Aug 12, 2026 at 23:43:36 KST
xmsim
    -MESS
    tb_Half_Adder
    -gui

xmsim: *W,NOMTDGUI: Multi-Threaded Dumping is disabled for interactive debug mode.

-------------------------------------
Relinquished control to SimVision...
xcelium> 
xcelium> database -open waves -into waves.shm -default
Created default SHM database waves
xcelium> probe -create -shm tb_Half_Adder.sum tb_Half_Adder.carry tb_Half_Adder.b tb_Half_Adder.a
Created probe 1
xcelium> run
Simulation complete via $finish(1) at time 40 NS + 0
./tb_Half_Adder.v:20 		$finish;
xcelium> ^C
xcelium> exit
TOOL:	xmsim(64)	22.03-s012: Exiting on Aug 12, 2026 at 23:44:43 KST  (total: 00:01:07)
