xmelab(64): 22.03-s012: (c) Copyright 1995-2023 Cadence Design Systems, Inc.
TOOL:	xmelab(64)	22.03-s012: Started on Sep 03, 2026 at 06:39:29 KST
xmelab
    -MESS
    -access rwc
    tb_Sync_FIFO

	Elaborating the design hierarchy:
		Caching library 'work_lib' ....... Done
	Building instance overlay tables: .................... Done
	Generating native compiled code:
		work_lib.Sync_FIFO:module <0x6b155636>
			streams:  10, words:  4166
		work_lib.tb_Sync_FIFO:module <0x5de8d5f7>
			streams:   7, words:  8124
	Building instance specific data structures.
	Loading native compiled code:     .................... Done
	Design hierarchy summary:
		                 Instances  Unique
		Modules:                 2       2
		Registers:               9       9
		Scalar wires:            6       -
		Vectored wires:          2       -
		Always blocks:           2       2
		Initial blocks:          2       2
		Cont. assignments:       2       2
		Pseudo assignments:      5       5
		Simulation timescale:  1ps
	Writing initial simulation snapshot: work_lib.tb_Sync_FIFO:module
TOOL:	xmelab(64)	22.03-s012: Exiting on Sep 03, 2026 at 06:39:29 KST  (total: 00:00:00)
