xmsim(64): 22.03-s012: (c) Copyright 1995-2023 Cadence Design Systems, Inc.
TOOL:	xmsim(64)	22.03-s012: Started on Sep 03, 2026 at 06:39:29 KST
xmsim
    -MESS
    tb_Sync_FIFO
    -gui

xmsim: *W,NOMTDGUI: Multi-Threaded Dumping is disabled for interactive debug mode.

-------------------------------------
Relinquished control to SimVision...
xcelium> 
xcelium> database -open waves -into waves.shm -default
Created default SHM database waves
xcelium> probe -create -shm tb_Sync_FIFO.clk tb_Sync_FIFO.empty tb_Sync_FIFO.full tb_Sync_FIFO.rd_data tb_Sync_FIFO.rd_en tb_Sync_FIFO.rst_n tb_Sync_FIFO.wr_data tb_Sync_FIFO.wr_en
Created probe 1
xcelium> run
Simulation complete via $finish(1) at time 360 NS + 0
./tb_Sync_FIFO.v:58 		$finish					;
xcelium> ^C
xcelium> exit
TOOL:	xmsim(64)	22.03-s012: Exiting on Sep 03, 2026 at 06:40:34 KST  (total: 00:01:05)
