xmsim(64): 22.03-s012: (c) Copyright 1995-2023 Cadence Design Systems, Inc.
TOOL:	xmsim(64)	22.03-s012: Started on Jul 01, 2026 at 21:48:47 KST
xmsim
    -MESS
    tb_data_bus_driver
    -gui

xmsim: *W,NOMTDGUI: Multi-Threaded Dumping is disabled for interactive debug mode.

-------------------------------------
Relinquished control to SimVision...
xcelium> 
xcelium> database -open waves -into waves.shm -default
Created default SHM database waves
xcelium> probe -create -shm tb_data_bus_driver.i_data_a tb_data_bus_driver.i_data_b tb_data_bus_driver.i_en_a tb_data_bus_driver.i_en_b tb_data_bus_driver.o_bus_data
Created probe 1
xcelium> run
Simulation complete via $finish(1) at time 40 NS + 0
./tb_data_bus_driver.v:27 		$finish;
xcelium> ^C
xcelium> exit
TOOL:	xmsim(64)	22.03-s012: Exiting on Jul 01, 2026 at 21:54:27 KST  (total: 00:05:40)
