============================================================
  Generated by:           Genus(TM) Synthesis Solution 22.17-s071_1
  Generated on:           Jul 08 2026  06:37:27 am
  Module:                 FSM3
  Operating conditions:   PVT_0P9V_125C (balanced_tree)
  Wireload mode:          enclosed
  Area mode:              timing library
============================================================

Timing
--------

Clock  Period 
--------------
clk   10000.0 


  Cost    Critical         Violating 
 Group   Path Slack  TNS     Paths   
-------------------------------------
clk          9365.8   0.0          0 
default    No paths   0.0            
-------------------------------------
Total                 0.0          0 

Instance Count
--------------
Leaf Instance Count             11 
Physical Instance count          0 
Sequential Instance Count        4 
Combinational Instance Count     7 
Hierarchical Instance Count      0 

Area
----
Cell Area                          35.910
Physical Cell Area                 0.000
Total Cell Area (Cell+Physical)    35.910
Net Area                           0.000
Total Area (Cell+Physical+Net)     35.910

Max Fanout                         4 (clk)
Min Fanout                         0 (rst_n)
Average Fanout                     1.7
Terms to net ratio                 2.5625
Terms to instance ratio            3.7273
Runtime                            19.913824 seconds
Elapsed Runtime                    54 seconds
Genus peak memory usage            1774.69 
Innovus peak memory usage          no_value 
Hostname                           localhost
