============================================================
  Generated by:           Genus(TM) Synthesis Solution 22.17-s071_1
  Generated on:           Jul 08 2026  06:37:27 am
  Module:                 FSM3
  Operating conditions:   PVT_0P9V_125C (balanced_tree)
  Wireload mode:          enclosed
  Area mode:              timing library
============================================================


Path 1: MET (9366 ps) Setup Check with Pin ds_reg/CK->D
          Group: clk
     Startpoint: (R) state_reg[0]/CK
          Clock: (R) clk
       Endpoint: (R) ds_reg/D
          Clock: (R) clk

                     Capture       Launch     
        Clock Edge:+   10000            0     
       Src Latency:+       0            0     
       Net Latency:+       0 (I)        0 (I) 
           Arrival:=   10000            0     
                                              
             Setup:-     101                  
       Uncertainty:-      10                  
     Required Time:=    9889                  
      Launch Clock:-       0                  
         Data Path:-     523                  
             Slack:=    9366                  

#----------------------------------------------------------------------------------------
#  Timing Point   Flags   Arc   Edge   Cell     Fanout Load Trans Delay Arrival Instance 
#                                                      (fF)  (ps)  (ps)   (ps)  Location 
#----------------------------------------------------------------------------------------
  state_reg[0]/CK -       -     R     (arrival)      4    -   100     0       0    (-,-) 
  state_reg[0]/Q  -       CK->Q R     DFFRX1         3  0.8    36   323     323    (-,-) 
  g230__4319/Y    -       B->Y  F     NAND3BXL       1  0.2   111   116     439    (-,-) 
  g226__5107/Y    -       B->Y  R     NAND2BXL       1  0.3    41    85     523    (-,-) 
  ds_reg/D        <<<     -     R     DFFRHQX1       1    -     -     0     523    (-,-) 
#----------------------------------------------------------------------------------------

