xmelab(64): 22.03-s012: (c) Copyright 1995-2023 Cadence Design Systems, Inc.
TOOL:	xmelab(64)	22.03-s012: Started on Aug 14, 2026 at 19:06:30 KST
xmelab
    -MESS
    -access rwc
    tb_Seven_Seg_Decoder

	Elaborating the design hierarchy:
		Caching library 'work_lib' ....... Done
	Building instance overlay tables: .................... Done
	Generating native compiled code:
		work_lib.Seven_Seg_Decoder:module <0x03b5782d>
			streams:   1, words:  2565
		work_lib.tb_Seven_Seg_Decoder:module <0x652c02ae>
			streams:   2, words:  1408
	Building instance specific data structures.
	Loading native compiled code:     .................... Done
	Design hierarchy summary:
		                 Instances  Unique
		Modules:                 2       2
		Registers:               3       3
		Vectored wires:          2       -
		Always blocks:           1       1
		Initial blocks:          1       1
		Pseudo assignments:      1       1
		Simulation timescale:  1ps
	Writing initial simulation snapshot: work_lib.tb_Seven_Seg_Decoder:module
TOOL:	xmelab(64)	22.03-s012: Exiting on Aug 14, 2026 at 19:06:30 KST  (total: 00:00:00)
