============================================================
  Generated by:           Genus(TM) Synthesis Solution 22.17-s071_1
  Generated on:           Jul 08 2026  06:25:23 am
  Module:                 register
  Operating conditions:   PVT_0P9V_125C (balanced_tree)
  Wireload mode:          enclosed
  Area mode:              timing library
============================================================

Timing
--------

Clock  Period 
--------------
clk   10000.0 


  Cost    Critical         Violating 
 Group   Path Slack  TNS     Paths   
-------------------------------------
clk        No paths   0.0            
default    No paths   0.0            
-------------------------------------
Total                 0.0          0 

Instance Count
--------------
Leaf Instance Count             64 
Physical Instance count          0 
Sequential Instance Count       64 
Combinational Instance Count     0 
Hierarchical Instance Count      0 

Area
----
Cell Area                          393.984
Physical Cell Area                 0.000
Total Cell Area (Cell+Physical)    393.984
Net Area                           0.000
Total Area (Cell+Physical+Net)     393.984

Max Fanout                         64 (clk)
Min Fanout                         0 (rst_n)
Average Fanout                     1.5
Terms to net ratio                 1.9692
Terms to instance ratio            4.0000
Runtime                            18.211443 seconds
Elapsed Runtime                    19 seconds
Genus peak memory usage            1776.11 
Innovus peak memory usage          no_value 
Hostname                           localhost
