xmelab(64): 22.03-s012: (c) Copyright 1995-2023 Cadence Design Systems, Inc.
TOOL:	xmelab(64)	22.03-s012: Started on Aug 14, 2026 at 21:53:01 KST
xmelab
    -MESS
    -access rwc
    tb_Master_Slave_JK_FF

	Elaborating the design hierarchy:
		Caching library 'work_lib' ....... Done
	Building instance overlay tables: .................... Done
	Generating native compiled code:
		work_lib.Master_Slave_JK_FF:module <0x7ddf5137>
			streams:   2, words:  2099
		work_lib.tb_Master_Slave_JK_FF:module <0x75322a76>
			streams:   6, words:  8218
	Building instance specific data structures.
	Loading native compiled code:     .................... Done
	Design hierarchy summary:
		                 Instances  Unique
		Modules:                 2       2
		Registers:               6       6
		Scalar wires:            5       -
		Always blocks:           2       2
		Initial blocks:          2       2
		Pseudo assignments:      4       4
		Simulation timescale:  1ps
	Writing initial simulation snapshot: work_lib.tb_Master_Slave_JK_FF:module
TOOL:	xmelab(64)	22.03-s012: Exiting on Aug 14, 2026 at 21:53:01 KST  (total: 00:00:00)
