xmsim(64): 22.03-s012: (c) Copyright 1995-2023 Cadence Design Systems, Inc.
TOOL:	xmsim(64)	22.03-s012: Started on Aug 25, 2026 at 04:56:58 KST
xmsim
    -MESS
    tb_Edge_Detector
    -gui

xmsim: *W,NOMTDGUI: Multi-Threaded Dumping is disabled for interactive debug mode.

-------------------------------------
Relinquished control to SimVision...
xcelium> 
xcelium> database -open waves -into waves.shm -default
Created default SHM database waves
xcelium> probe -create -shm tb_Edge_Detector.clk tb_Edge_Detector.cp tb_Edge_Detector.n_edge tb_Edge_Detector.p_edge tb_Edge_Detector.rst_n
Created probe 1
xcelium> run
Simulation complete via $finish(1) at time 30 NS + 0
./tb_Edge_Detector.v:32 		$finish				;
xcelium> ^C
xcelium> exit
TOOL:	xmsim(64)	22.03-s012: Exiting on Aug 25, 2026 at 04:58:10 KST  (total: 00:01:12)
