xmelab(64): 22.03-s012: (c) Copyright 1995-2023 Cadence Design Systems, Inc.
TOOL:	xmelab(64)	22.03-s012: Started on Jul 01, 2026 at 18:35:46 KST
xmelab
    -MESS
    -access rwc
    tb_decoder

	Elaborating the design hierarchy:
		Caching library 'work_lib' ....... Done
	Building instance overlay tables: .................... Done
	Generating native compiled code:
		work_lib.decoder:module <0x376447a6>
			streams:   1, words:  2523
		work_lib.tb_decoder:module <0x22f07652>
			streams:   4, words:  4842
	Building instance specific data structures.
	Loading native compiled code:     .................... Done
	Design hierarchy summary:
		                 Instances  Unique
		Modules:                 2       2
		Registers:               3       3
		Vectored wires:          2       -
		Always blocks:           1       1
		Initial blocks:          2       2
		Pseudo assignments:      1       1
		Simulation timescale:  1ps
	Writing initial simulation snapshot: work_lib.tb_decoder:module
TOOL:	xmelab(64)	22.03-s012: Exiting on Jul 01, 2026 at 18:35:46 KST  (total: 00:00:00)
