xmsim(64): 22.03-s012: (c) Copyright 1995-2023 Cadence Design Systems, Inc.
TOOL:	xmsim(64)	22.03-s012: Started on Jul 01, 2026 at 18:35:46 KST
xmsim
    -MESS
    tb_decoder
    -gui

xmsim: *W,NOMTDGUI: Multi-Threaded Dumping is disabled for interactive debug mode.

-------------------------------------
Relinquished control to SimVision...
xcelium> 
xcelium> database -open waves -into waves.shm -default
Created default SHM database waves
xcelium> probe -create -shm tb_decoder.i tb_decoder.i_bcd tb_decoder.o_seg
Created probe 1
xcelium> run
Time=0 | i_bcd Input=$b | Seven Segment Output=0000126
Time=10000 | i_bcd Input=$b | Seven Segment Output=0001 48
Time=20000 | i_bcd Input=$b | Seven Segment Output=0010109
Time=30000 | i_bcd Input=$b | Seven Segment Output=0011121
Time=40000 | i_bcd Input=$b | Seven Segment Output=0100 51
Time=50000 | i_bcd Input=$b | Seven Segment Output=0101 91
Time=60000 | i_bcd Input=$b | Seven Segment Output=0110 95
Time=70000 | i_bcd Input=$b | Seven Segment Output=0111112
Time=80000 | i_bcd Input=$b | Seven Segment Output=1000127
Time=90000 | i_bcd Input=$b | Seven Segment Output=1001123
Simulation complete via $finish(1) at time 100 NS + 0
./tb_decoder.v:25 		$finish;
xcelium> ^C
xcelium> exit
TOOL:	xmsim(64)	22.03-s012: Exiting on Jul 01, 2026 at 18:39:30 KST  (total: 00:03:44)
