xmelab(64): 22.03-s012: (c) Copyright 1995-2023 Cadence Design Systems, Inc.
TOOL:	xmelab(64)	22.03-s012: Started on Jul 01, 2026 at 19:35:30 KST
xmelab
    -MESS
    -access rwc
    tb_comparator

	Elaborating the design hierarchy:
		Caching library 'work_lib' ....... Done
	Building instance overlay tables: .................... Done
	Generating native compiled code:
		work_lib.comparator:module <0x64860737>
			streams:   1, words:  1663
		work_lib.tb_comparator:module <0x5d08222e>
			streams:   5, words:  7289
	Building instance specific data structures.
	Loading native compiled code:     .................... Done
	Design hierarchy summary:
		                 Instances  Unique
		Modules:                 2       2
		Registers:               5       5
		Scalar wires:            3       -
		Vectored wires:          2       -
		Always blocks:           1       1
		Initial blocks:          2       2
		Pseudo assignments:      2       2
		Simulation timescale:  1ps
	Writing initial simulation snapshot: work_lib.tb_comparator:module
TOOL:	xmelab(64)	22.03-s012: Exiting on Jul 01, 2026 at 19:35:30 KST  (total: 00:00:00)
