xmsim(64): 22.03-s012: (c) Copyright 1995-2023 Cadence Design Systems, Inc.
TOOL:	xmsim(64)	22.03-s012: Started on Jul 01, 2026 at 19:35:30 KST
xmsim
    -MESS
    tb_comparator
    -gui

xmsim: *W,NOMTDGUI: Multi-Threaded Dumping is disabled for interactive debug mode.

-------------------------------------
Relinquished control to SimVision...
xcelium> 
xcelium> database -open waves -into waves.shm -default
Created default SHM database waves
xcelium> probe -create -shm tb_comparator.i_in1 tb_comparator.i_in2 tb_comparator.o_equal tb_comparator.o_great tb_comparator.o_less
Created probe 1
xcelium> run
Time=0 | INPUT A=00000000000000000000000000011110 | INPUT B=00000000000000000000000000011110 | OUTPUT EQUAL=1 | OUTPUT GREAT=0 | OUTPUT LESS=0
Time=10000 | INPUT A=00000000000000000000000001100100 | INPUT B=00000000000000000000000000110010 | OUTPUT EQUAL=0 | OUTPUT GREAT=1 | OUTPUT LESS=0
Time=20000 | INPUT A=00000000000000000000010101110010 | INPUT B=00000000000000000000011000000110 | OUTPUT EQUAL=0 | OUTPUT GREAT=0 | OUTPUT LESS=1
Simulation complete via $finish(1) at time 30 NS + 0
./tb_comparator.v:29 		$finish;
xcelium> ^C
xcelium> exit
TOOL:	xmsim(64)	22.03-s012: Exiting on Jul 01, 2026 at 19:39:53 KST  (total: 00:04:23)
