============================================================
  Generated by:           Genus(TM) Synthesis Solution 22.17-s071_1
  Generated on:           Jul 08 2026  06:50:06 am
  Module:                 FSM4
  Operating conditions:   PVT_0P9V_125C (balanced_tree)
  Wireload mode:          enclosed
  Area mode:              timing library
============================================================

Timing
--------

Clock  Period 
--------------
clk   10000.0 


  Cost    Critical         Violating 
 Group   Path Slack  TNS     Paths   
-------------------------------------
clk          9268.5   0.0          0 
default    No paths   0.0            
-------------------------------------
Total                 0.0          0 

Instance Count
--------------
Leaf Instance Count             15 
Physical Instance count          0 
Sequential Instance Count        3 
Combinational Instance Count    12 
Hierarchical Instance Count      0 

Area
----
Cell Area                          39.330
Physical Cell Area                 0.000
Total Cell Area (Cell+Physical)    39.330
Net Area                           0.000
Total Area (Cell+Physical+Net)     39.330

Max Fanout                         4 (state[2])
Min Fanout                         0 (rst_n)
Average Fanout                     1.9
Terms to net ratio                 2.9000
Terms to instance ratio            3.8667
Runtime                            18.888853 seconds
Elapsed Runtime                    19 seconds
Genus peak memory usage            1775.78 
Innovus peak memory usage          no_value 
Hostname                           localhost
