xmelab(64): 22.03-s012: (c) Copyright 1995-2023 Cadence Design Systems, Inc.
TOOL:	xmelab(64)	22.03-s012: Started on Aug 15, 2026 at 01:10:36 KST
xmelab
    -MESS
    -access rwc
    tb_Mod_N_Counter

	Elaborating the design hierarchy:
		Caching library 'work_lib' ....... Done
	Building instance overlay tables: .................... Done
	Generating native compiled code:
		work_lib.Mod_N_Counter:module <0x7d2a0dac>
			streams:   4, words:  1506
		work_lib.tb_Mod_N_Counter:module <0x7c1b93fd>
			streams:   5, words:  4075
	Building instance specific data structures.
	Loading native compiled code:     .................... Done
	Design hierarchy summary:
		                 Instances  Unique
		Modules:                 2       2
		Registers:               4       4
		Scalar wires:            3       -
		Vectored wires:          1       -
		Always blocks:           1       1
		Initial blocks:          2       2
		Pseudo assignments:      3       3
		Simulation timescale:  1ps
	Writing initial simulation snapshot: work_lib.tb_Mod_N_Counter:module
TOOL:	xmelab(64)	22.03-s012: Exiting on Aug 15, 2026 at 01:10:36 KST  (total: 00:00:00)
