xmsim(64): 22.03-s012: (c) Copyright 1995-2023 Cadence Design Systems, Inc.
TOOL:	xmsim(64)	22.03-s012: Started on Aug 15, 2026 at 01:10:36 KST
xmsim
    -MESS
    tb_Mod_N_Counter
    -gui

xmsim: *W,NOMTDGUI: Multi-Threaded Dumping is disabled for interactive debug mode.

-------------------------------------
Relinquished control to SimVision...
xcelium> 
xcelium> database -open waves -into waves.shm -default
Created default SHM database waves
xcelium> probe -create -shm tb_Mod_N_Counter.clk tb_Mod_N_Counter.count tb_Mod_N_Counter.enable tb_Mod_N_Counter.rst_n
Created probe 1
xcelium> run
Simulation complete via $finish(1) at time 180 NS + 0
./tb_Mod_N_Counter.v:28 		$finish;
xcelium> ^C
xcelium> exit
TOOL:	xmsim(64)	22.03-s012: Exiting on Aug 15, 2026 at 01:11:12 KST  (total: 00:00:36)
