============================================================
  Generated by:           Genus(TM) Synthesis Solution 22.17-s071_1
  Generated on:           Jul 08 2026  06:21:27 am
  Module:                 multiplexed_bus_driver
  Operating conditions:   PVT_0P9V_125C (balanced_tree)
  Wireload mode:          enclosed
  Area mode:              timing library
============================================================

Timing
-------
  Cost    Critical         Violating 
 Group   Path Slack  TNS     Paths   
-------------------------------------
default    No paths   0.0            
-------------------------------------
Total                 0.0          0 

Instance Count
--------------
Leaf Instance Count             65 
Physical Instance count          0 
Sequential Instance Count        0 
Combinational Instance Count    65 
Hierarchical Instance Count      0 

Area
----
Cell Area                          189.468
Physical Cell Area                 0.000
Total Cell Area (Cell+Physical)    189.468
Net Area                           0.000
Total Area (Cell+Physical+Net)     189.468

Max Fanout                         33 (i_en_a)
Min Fanout                         1 (n_1)
Average Fanout                     1.5
Terms to net ratio                 1.7328
Terms to instance ratio            3.4923
Runtime                            17.463505 seconds
Elapsed Runtime                    19 seconds
Genus peak memory usage            1775.64 
Innovus peak memory usage          no_value 
Hostname                           localhost
