xmsim(64): 22.03-s012: (c) Copyright 1995-2023 Cadence Design Systems, Inc.
TOOL:	xmsim(64)	22.03-s012: Started on Aug 15, 2026 at 02:07:56 KST
xmsim
    -MESS
    tb_SISO
    -gui

xmsim: *W,NOMTDGUI: Multi-Threaded Dumping is disabled for interactive debug mode.

-------------------------------------
Relinquished control to SimVision...
xcelium> 
xcelium> database -open waves -into waves.shm -default
Created default SHM database waves
xcelium> probe -create -shm tb_SISO.clk tb_SISO.rst_n tb_SISO.serial_in tb_SISO.serial_out
Created probe 1
xcelium> run
Simulation complete via $finish(1) at time 180 NS + 0
./tb_SISO.v:32 		$finish;
xcelium> ^C
xcelium> exit
TOOL:	xmsim(64)	22.03-s012: Exiting on Aug 15, 2026 at 02:21:14 KST  (total: 00:13:18)
