xmelab(64): 22.03-s012: (c) Copyright 1995-2023 Cadence Design Systems, Inc.
TOOL:	xmelab(64)	22.03-s012: Started on Aug 13, 2026 at 07:18:05 KST
xmelab
    -MESS
    -access rwc
    tb_Full_Subtractor

	Elaborating the design hierarchy:
		Caching library 'work_lib' ....... Done
	Building instance overlay tables: .................... Done
	Generating native compiled code:
		work_lib.Full_Subtractor:module <0x75a4974d>
			streams:   1, words:  3909
		work_lib.tb_Full_Subtractor:module <0x4671ac48>
			streams:   4, words:  7136
	Building instance specific data structures.
	Loading native compiled code:     .................... Done
	Design hierarchy summary:
		                 Instances  Unique
		Modules:                 2       2
		Registers:               5       5
		Scalar wires:            5       -
		Always blocks:           1       1
		Initial blocks:          1       1
		Pseudo assignments:      3       3
		Simulation timescale:  1ps
	Writing initial simulation snapshot: work_lib.tb_Full_Subtractor:module
TOOL:	xmelab(64)	22.03-s012: Exiting on Aug 13, 2026 at 07:18:05 KST  (total: 00:00:00)
