============================================================
  Generated by:           Genus(TM) Synthesis Solution 22.17-s071_1
  Generated on:           Aug 03 2026  08:57:04 pm
  Module:                 watch
  Operating conditions:   PVT_0P9V_125C (balanced_tree)
  Wireload mode:          enclosed
  Area mode:              timing library
============================================================

Timing
--------

Clock  Period 
--------------
clk   10000.0 


  Cost    Critical         Violating 
 Group   Path Slack  TNS     Paths   
-------------------------------------
clk          8905.1   0.0          0 
default    No paths   0.0            
-------------------------------------
Total                 0.0          0 

Instance Count
--------------
Leaf Instance Count             93 
Physical Instance count          0 
Sequential Instance Count       26 
Combinational Instance Count    67 
Hierarchical Instance Count      0 

Area
----
Cell Area                          279.414
Physical Cell Area                 0.000
Total Cell Area (Cell+Physical)    279.414
Net Area                           0.000
Total Area (Cell+Physical+Net)     279.414

Max Fanout                         26 (clk)
Min Fanout                         0 (rst_n)
Average Fanout                     2.6
Terms to net ratio                 3.6364
Terms to instance ratio            3.8710
Runtime                            22.023084 seconds
Elapsed Runtime                    24 seconds
Genus peak memory usage            1782.01 
Innovus peak memory usage          no_value 
Hostname                           localhost
