============================================================
  Generated by:           Genus(TM) Synthesis Solution 22.17-s071_1
  Generated on:           Aug 03 2026  08:57:04 pm
  Module:                 watch
  Operating conditions:   PVT_0P9V_125C (balanced_tree)
  Wireload mode:          enclosed
  Area mode:              timing library
============================================================


Path 1: MET (8905 ps) Setup Check with Pin hour_bcd10_reg[3]/CK->D
          Group: clk
     Startpoint: (R) r_hour_tick_reg/CK
          Clock: (R) clk
       Endpoint: (R) hour_bcd10_reg[3]/D
          Clock: (R) clk

                     Capture       Launch     
        Clock Edge:+   10000            0     
       Src Latency:+       0            0     
       Net Latency:+       0 (I)        0 (I) 
           Arrival:=   10000            0     
                                              
             Setup:-      93                  
       Uncertainty:-      10                  
     Required Time:=    9897                  
      Launch Clock:-       0                  
         Data Path:-     992                  
             Slack:=    8905                  

#--------------------------------------------------------------------------------------------
#    Timing Point     Flags   Arc   Edge   Cell     Fanout Load Trans Delay Arrival Instance 
#                                                          (fF)  (ps)  (ps)   (ps)  Location 
#--------------------------------------------------------------------------------------------
  r_hour_tick_reg/CK  -       -     R     (arrival)     26    -   100     0       0    (-,-) 
  r_hour_tick_reg/Q   -       CK->Q R     DFFRHQX1       2  0.6    26   285     285    (-,-) 
  g2521__7482/Y       -       A->Y  F     NAND2X1        5  1.4   109    93     379    (-,-) 
  g2510__1881/Y       -       B->Y  R     NOR2X1         3  1.2    88   109     488    (-,-) 
  g2507__5122/Y       -       B->Y  F     NAND2BX1       3  1.2   106   114     602    (-,-) 
  g2503__5526/Y       -       C->Y  R     NOR3BX1        2  0.6    96   111     713    (-,-) 
  g2500__8428/Y       -       B->Y  F     NAND2X1        2  0.6    75   100     813    (-,-) 
  g2491__2398/Y       -       B->Y  R     XNOR2X1        1  0.3    24   179     992    (-,-) 
  hour_bcd10_reg[3]/D <<<     -     R     DFFRHQX1       1    -     -     0     992    (-,-) 
#--------------------------------------------------------------------------------------------

