xmelab(64): 22.03-s012: (c) Copyright 1995-2023 Cadence Design Systems, Inc.
TOOL:	xmelab(64)	22.03-s012: Started on Aug 13, 2026 at 00:14:12 KST
xmelab
    -MESS
    -access rwc
    tb_Full_Adder

	Elaborating the design hierarchy:
		Caching library 'work_lib' ....... Done
	Building instance overlay tables: .................... Done
	Generating native compiled code:
		work_lib.Full_Adder:module <0x5139e41a>
			streams:   1, words:  3909
		work_lib.tb_Full_Adder:module <0x21a75c3e>
			streams:   4, words:  7136
	Building instance specific data structures.
	Loading native compiled code:     .................... Done
	Design hierarchy summary:
		                 Instances  Unique
		Modules:                 2       2
		Registers:               5       5
		Scalar wires:            5       -
		Always blocks:           1       1
		Initial blocks:          1       1
		Pseudo assignments:      3       3
		Simulation timescale:  1ps
	Writing initial simulation snapshot: work_lib.tb_Full_Adder:module
TOOL:	xmelab(64)	22.03-s012: Exiting on Aug 13, 2026 at 00:14:13 KST  (total: 00:00:01)
