xmsim(64): 22.03-s012: (c) Copyright 1995-2023 Cadence Design Systems, Inc.
TOOL:	xmsim(64)	22.03-s012: Started on Aug 13, 2026 at 00:14:13 KST
xmsim
    -MESS
    tb_Full_Adder
    -gui

xmsim: *W,NOMTDGUI: Multi-Threaded Dumping is disabled for interactive debug mode.

-------------------------------------
Relinquished control to SimVision...
xcelium> 
xcelium> database -open waves -into waves.shm -default
Created default SHM database waves
xcelium> probe -create -shm tb_Full_Adder.a tb_Full_Adder.b tb_Full_Adder.carry tb_Full_Adder.cin tb_Full_Adder.sum
Created probe 1
xcelium> run
Simulation complete via $finish(1) at time 80 NS + 0
./tb_Full_Adder.v:26 		$finish;
xcelium> ^C
xcelium> exit
TOOL:	xmsim(64)	22.03-s012: Exiting on Aug 13, 2026 at 00:14:59 KST  (total: 00:00:46)
