xmelab(64): 22.03-s012: (c) Copyright 1995-2023 Cadence Design Systems, Inc.
TOOL:	xmelab(64)	22.03-s012: Started on Aug 14, 2026 at 08:25:45 KST
xmelab
    -MESS
    -access rwc
    tb_Parity_Generator

	Elaborating the design hierarchy:
		Caching library 'work_lib' ....... Done
	Building instance overlay tables: .................... Done
	Generating native compiled code:
		work_lib.Parity_Generator:module <0x66b7c140>
			streams:   1, words:   179
		work_lib.tb_Parity_Generator:module <0x17e68fe1>
			streams:   2, words:  1408
	Building instance specific data structures.
	Loading native compiled code:     .................... Done
	Design hierarchy summary:
		                 Instances  Unique
		Modules:                 2       2
		Registers:               2       2
		Scalar wires:            1       -
		Vectored wires:          1       -
		Initial blocks:          1       1
		Cont. assignments:       1       1
		Pseudo assignments:      1       1
		Simulation timescale:  1ps
	Writing initial simulation snapshot: work_lib.tb_Parity_Generator:module
TOOL:	xmelab(64)	22.03-s012: Exiting on Aug 14, 2026 at 08:25:45 KST  (total: 00:00:00)
