============================================================
  Generated by:           Genus(TM) Synthesis Solution 22.17-s071_1
  Generated on:           Jul 08 2026  06:28:05 am
  Module:                 shift_register_sipo
  Operating conditions:   PVT_0P9V_125C (balanced_tree)
  Wireload mode:          enclosed
  Area mode:              timing library
============================================================

Timing
--------

Clock  Period 
--------------
clk   10000.0 


  Cost    Critical         Violating 
 Group   Path Slack  TNS     Paths   
-------------------------------------
clk          9515.4   0.0          0 
default    No paths   0.0            
-------------------------------------
Total                 0.0          0 

Instance Count
--------------
Leaf Instance Count             16 
Physical Instance count          0 
Sequential Instance Count       16 
Combinational Instance Count     0 
Hierarchical Instance Count      0 

Area
----
Cell Area                          131.328
Physical Cell Area                 0.000
Total Cell Area (Cell+Physical)    131.328
Net Area                           0.000
Total Area (Cell+Physical+Net)     131.328

Max Fanout                         16 (clk)
Min Fanout                         0 (rst_n)
Average Fanout                     3.6
Terms to net ratio                 4.8000
Terms to instance ratio            6.0000
Runtime                            18.523533 seconds
Elapsed Runtime                    19 seconds
Genus peak memory usage            1776.00 
Innovus peak memory usage          no_value 
Hostname                           localhost
