============================================================
  Generated by:           Genus(TM) Synthesis Solution 22.17-s071_1
  Generated on:           Jul 08 2026  06:28:05 am
  Module:                 shift_register_sipo
  Operating conditions:   PVT_0P9V_125C (balanced_tree)
  Wireload mode:          enclosed
  Area mode:              timing library
============================================================


Path 1: MET (9515 ps) Setup Check with Pin r_reg_data_reg[6]/CK->D
          Group: clk
     Startpoint: (R) r_reg_data_reg[5]/CK
          Clock: (R) clk
       Endpoint: (R) r_reg_data_reg[6]/D
          Clock: (R) clk

                     Capture       Launch     
        Clock Edge:+   10000            0     
       Src Latency:+       0            0     
       Net Latency:+       0 (I)        0 (I) 
           Arrival:=   10000            0     
                                              
             Setup:-     182                  
       Uncertainty:-      10                  
     Required Time:=    9808                  
      Launch Clock:-       0                  
         Data Path:-     292                  
             Slack:=    9515                  

#---------------------------------------------------------------------------------------------
#    Timing Point      Flags   Arc   Edge   Cell     Fanout Load Trans Delay Arrival Instance 
#                                                           (fF)  (ps)  (ps)   (ps)  Location 
#---------------------------------------------------------------------------------------------
  r_reg_data_reg[5]/CK -       -     R     (arrival)     16    -   100     0       0    (-,-) 
  r_reg_data_reg[5]/Q  -       CK->Q R     SDFFRHQX1      3  1.2    39   292     292    (-,-) 
  r_reg_data_reg[6]/D  <<<     -     R     SDFFRHQX1      3    -     -     0     292    (-,-) 
#---------------------------------------------------------------------------------------------

