xmelab(64): 22.03-s012: (c) Copyright 1995-2023 Cadence Design Systems, Inc.
TOOL:	xmelab(64)	22.03-s012: Started on Aug 25, 2026 at 04:34:48 KST
xmelab
    -MESS
    -access rwc
    tb_LIFO_STACK

	Elaborating the design hierarchy:
		Caching library 'work_lib' ....... Done
	Building instance overlay tables: .................... Done
	Generating native compiled code:
		work_lib.LIFO_STACK:module <0x0803ccba>
			streams:   9, words:  4069
		work_lib.tb_LIFO_STACK:module <0x0e5483ec>
			streams:   7, words:  7371
	Building instance specific data structures.
	Loading native compiled code:     .................... Done
	Design hierarchy summary:
		                 Instances  Unique
		Modules:                 2       2
		Registers:               8       8
		Scalar wires:            6       -
		Vectored wires:          2       -
		Always blocks:           1       1
		Initial blocks:          2       2
		Cont. assignments:       2       2
		Pseudo assignments:      5       5
		Simulation timescale:  1ps
	Writing initial simulation snapshot: work_lib.tb_LIFO_STACK:module
TOOL:	xmelab(64)	22.03-s012: Exiting on Aug 25, 2026 at 04:34:48 KST  (total: 00:00:00)
