============================================================
  Generated by:           Genus(TM) Synthesis Solution 22.17-s071_1
  Generated on:           Aug 03 2026  08:56:00 pm
  Module:                 mux
  Operating conditions:   PVT_0P9V_125C (balanced_tree)
  Wireload mode:          enclosed
  Area mode:              timing library
============================================================

Timing
-------
  Cost    Critical         Violating 
 Group   Path Slack  TNS     Paths   
-------------------------------------
default    No paths   0.0            
-------------------------------------
Total                 0.0          0 

Instance Count
--------------
Leaf Instance Count             1 
Physical Instance count         0 
Sequential Instance Count       0 
Combinational Instance Count    1 
Hierarchical Instance Count     0 

Area
----
Cell Area                          7.182
Physical Cell Area                 0.000
Total Cell Area (Cell+Physical)    7.182
Net Area                           0.000
Total Area (Cell+Physical+Net)     7.182

Max Fanout                         1 (o_data_out)
Min Fanout                         1 (o_data_out)
Average Fanout                     1.0
Terms to net ratio                 1.0000
Terms to instance ratio            7.0000
Runtime                            18.972352 seconds
Elapsed Runtime                    20 seconds
Genus peak memory usage            1775.17 
Innovus peak memory usage          no_value 
Hostname                           localhost
