xmelab(64): 22.03-s012: (c) Copyright 1995-2023 Cadence Design Systems, Inc.
TOOL:	xmelab(64)	22.03-s012: Started on Aug 14, 2026 at 20:47:03 KST
xmelab
    -MESS
    -access rwc
    tb_JK_FF

	Elaborating the design hierarchy:
		Caching library 'work_lib' ....... Done
	Building instance overlay tables: .................... Done
	Generating native compiled code:
		work_lib.JK_FF:module <0x5184416b>
			streams:   6, words:  2494
		work_lib.tb_JK_FF:module <0x19b85523>
			streams:   6, words:  8218
	Building instance specific data structures.
	Loading native compiled code:     .................... Done
	Design hierarchy summary:
		                 Instances  Unique
		Modules:                 2       2
		Registers:               5       5
		Scalar wires:            5       -
		Always blocks:           1       1
		Initial blocks:          2       2
		Pseudo assignments:      4       4
		Simulation timescale:  1ps
	Writing initial simulation snapshot: work_lib.tb_JK_FF:module
TOOL:	xmelab(64)	22.03-s012: Exiting on Aug 14, 2026 at 20:47:03 KST  (total: 00:00:00)
