xmsim(64): 22.03-s012: (c) Copyright 1995-2023 Cadence Design Systems, Inc.
TOOL:	xmsim(64)	22.03-s012: Started on Aug 14, 2026 at 23:52:52 KST
xmsim
    -MESS
    tb_BCD_Counter
    -gui

xmsim: *W,NOMTDGUI: Multi-Threaded Dumping is disabled for interactive debug mode.

-------------------------------------
Relinquished control to SimVision...
xcelium> 
xcelium> database -open waves -into waves.shm -default
Created default SHM database waves
xcelium> probe -create -shm tb_BCD_Counter.clk tb_BCD_Counter.count tb_BCD_Counter.enable tb_BCD_Counter.rst_n tb_BCD_Counter.up_down
Created probe 1
xcelium> run
Simulation complete via $finish(1) at time 300 NS + 0
./tb_BCD_Counter.v:31 		$finish;
xcelium> ^C
xcelium> exit
TOOL:	xmsim(64)	22.03-s012: Exiting on Aug 14, 2026 at 23:53:28 KST  (total: 00:00:36)
